[    0.000000] Linux version 4.15.0-212-generic (buildd@lcy02-amd64-083) (gcc version 7.5.0 (Ubuntu 7.5.0-3ubuntu1~18.04)) #223-Ubuntu SMP Tue May 23 13:09:22 UTC 2023 (Ubuntu 4.15.0-212.223-generic 4.15.18)
[    0.000000] Command line: BOOT_IMAGE=/boot/vmlinuz-4.15.0-212-generic root=LABEL=cloudimg-rootfs ro console=tty1 console=ttyS0
[    0.000000] KERNEL supported cpus:
[    0.000000]   Intel GenuineIntel
[    0.000000]   AMD AuthenticAMD
[    0.000000]   Centaur CentaurHauls
[    0.000000] x86/fpu: Supporting XSAVE feature 0x001: 'x87 floating point registers'
[    0.000000] x86/fpu: Supporting XSAVE feature 0x002: 'SSE registers'
[    0.000000] x86/fpu: Supporting XSAVE feature 0x004: 'AVX registers'
[    0.000000] x86/fpu: xstate_offset[2]:  576, xstate_sizes[2]:  256
[    0.000000] x86/fpu: Enabled xstate features 0x7, context size is 832 bytes, using 'standard' format.
[    0.000000] e820: BIOS-provided physical RAM map:
[    0.000000] BIOS-e820: [mem 0x0000000000000000-0x000000000009fbff] usable
[    0.000000] BIOS-e820: [mem 0x000000000009fc00-0x000000000009ffff] reserved
[    0.000000] BIOS-e820: [mem 0x00000000000f0000-0x00000000000fffff] reserved
[    0.000000] BIOS-e820: [mem 0x0000000000100000-0x000000001ffeffff] usable
[    0.000000] BIOS-e820: [mem 0x000000001fff0000-0x000000001fffffff] ACPI data
[    0.000000] BIOS-e820: [mem 0x00000000fec00000-0x00000000fec00fff] reserved
[    0.000000] BIOS-e820: [mem 0x00000000fee00000-0x00000000fee00fff] reserved
[    0.000000] BIOS-e820: [mem 0x00000000fffc0000-0x00000000ffffffff] reserved
[    0.000000] NX (Execute Disable) protection: active
[    0.000000] SMBIOS 2.5 present.
[    0.000000] DMI: innotek GmbH VirtualBox/VirtualBox, BIOS VirtualBox 12/01/2006
[    0.000000] Hypervisor detected: KVM
[    0.000000] e820: last_pfn = 0x1fff0 max_arch_pfn = 0x400000000
[    0.000000] MTRR: Disabled
[    0.000000] x86/PAT: MTRRs disabled, skipping PAT initialization too.
[    0.000000] CPU MTRRs all blank - virtualized system.
[    0.000000] x86/PAT: Configuration [0-7]: WB  WT  UC- UC  WB  WT  UC- UC  
[    0.000000] found SMP MP-table at [mem 0x0009fff0-0x0009ffff]
[    0.000000] Scanning 1 areas for low memory corruption
[    0.000000] RAMDISK: [mem 0x1db01000-0x1ee12fff]
[    0.000000] ACPI: Early table checksum verification disabled
[    0.000000] ACPI: RSDP 0x00000000000E0000 000024 (v02 VBOX  )
[    0.000000] ACPI: XSDT 0x000000001FFF0030 00003C (v01 VBOX   VBOXXSDT 00000001 ASL  00000061)
[    0.000000] ACPI: FACP 0x000000001FFF00F0 0000F4 (v04 VBOX   VBOXFACP 00000001 ASL  00000061)
[    0.000000] ACPI: DSDT 0x000000001FFF0470 002325 (v02 VBOX   VBOXBIOS 00000002 INTL 20200925)
[    0.000000] ACPI: FACS 0x000000001FFF0200 000040
[    0.000000] ACPI: FACS 0x000000001FFF0200 000040
[    0.000000] ACPI: APIC 0x000000001FFF0240 00005C (v02 VBOX   VBOXAPIC 00000001 ASL  00000061)
[    0.000000] ACPI: SSDT 0x000000001FFF02A0 0001CC (v01 VBOX   VBOXCPUT 00000002 INTL 20200925)
[    0.000000] ACPI: Reserving FACP table memory at [mem 0x1fff00f0-0x1fff01e3]
[    0.000000] ACPI: Reserving DSDT table memory at [mem 0x1fff0470-0x1fff2794]
[    0.000000] ACPI: Reserving FACS table memory at [mem 0x1fff0200-0x1fff023f]
[    0.000000] ACPI: Reserving FACS table memory at [mem 0x1fff0200-0x1fff023f]
[    0.000000] ACPI: Reserving APIC table memory at [mem 0x1fff0240-0x1fff029b]
[    0.000000] ACPI: Reserving SSDT table memory at [mem 0x1fff02a0-0x1fff046b]
[    0.000000] No NUMA configuration found
[    0.000000] Faking a node at [mem 0x0000000000000000-0x000000001ffeffff]
[    0.000000] NODE_DATA(0) allocated [mem 0x1ffc5000-0x1ffeffff]
[    0.000000] kvm-clock: cpu 0, msr 0:1ff44001, primary cpu clock
[    0.000000] kvm-clock: Using msrs 4b564d01 and 4b564d00
[    0.000000] kvm-clock: using sched offset of 5435612032 cycles
[    0.000000] clocksource: kvm-clock: mask: 0xffffffffffffffff max_cycles: 0x1cd42e4dffb, max_idle_ns: 881590591483 ns
[    0.000000] Zone ranges:
[    0.000000]   DMA      [mem 0x0000000000001000-0x0000000000ffffff]
[    0.000000]   DMA32    [mem 0x0000000001000000-0x000000001ffeffff]
[    0.000000]   Normal   empty
[    0.000000]   Device   empty
[    0.000000] Movable zone start for each node
[    0.000000] Early memory node ranges
[    0.000000]   node   0: [mem 0x0000000000001000-0x000000000009efff]
[    0.000000]   node   0: [mem 0x0000000000100000-0x000000001ffeffff]
[    0.000000] Reserved but unavailable: 104 pages
[    0.000000] Initmem setup node 0 [mem 0x0000000000001000-0x000000001ffeffff]
[    0.000000] ACPI: PM-Timer IO Port: 0x4008
[    0.000000] IOAPIC[0]: apic_id 2, version 32, address 0xfec00000, GSI 0-23
[    0.000000] ACPI: INT_SRC_OVR (bus 0 bus_irq 0 global_irq 2 dfl dfl)
[    0.000000] ACPI: INT_SRC_OVR (bus 0 bus_irq 9 global_irq 9 low level)
[    0.000000] Using ACPI (MADT) for SMP configuration information
[    0.000000] smpboot: Allowing 2 CPUs, 0 hotplug CPUs
[    0.000000] PM: Registered nosave memory: [mem 0x00000000-0x00000fff]
[    0.000000] PM: Registered nosave memory: [mem 0x0009f000-0x0009ffff]
[    0.000000] PM: Registered nosave memory: [mem 0x000a0000-0x000effff]
[    0.000000] PM: Registered nosave memory: [mem 0x000f0000-0x000fffff]
[    0.000000] e820: [mem 0x20000000-0xfebfffff] available for PCI devices
[    0.000000] Booting paravirtualized kernel on KVM
[    0.000000] clocksource: refined-jiffies: mask: 0xffffffff max_cycles: 0xffffffff, max_idle_ns: 7645519600211568 ns
[    0.000000] setup_percpu: NR_CPUS:8192 nr_cpumask_bits:2 nr_cpu_ids:2 nr_node_ids:1
[    0.000000] percpu: Embedded 50 pages/cpu s167936 r8192 d28672 u1048576
[    0.000000] PV qspinlock hash table entries: 256 (order: 0, 4096 bytes)
[    0.000000] Built 1 zonelists, mobility grouping on.  Total pages: 128889
[    0.000000] Policy zone: DMA32
[    0.000000] Kernel command line: BOOT_IMAGE=/boot/vmlinuz-4.15.0-212-generic root=LABEL=cloudimg-rootfs ro console=tty1 console=ttyS0
[    0.000000] Memory: 466548K/523832K available (12300K kernel code, 2477K rwdata, 4324K rodata, 2480K init, 2720K bss, 57284K reserved, 0K cma-reserved)
[    0.000000] SLUB: HWalign=64, Order=0-3, MinObjects=0, CPUs=2, Nodes=1
[    0.000000] Kernel/User page tables isolation: enabled
[    0.000000] ftrace: allocating 39508 entries in 155 pages
[    0.004000] Hierarchical RCU implementation.
[    0.004000] 	RCU restricting CPUs from NR_CPUS=8192 to nr_cpu_ids=2.
[    0.004000] 	Tasks RCU enabled.
[    0.004000] RCU: Adjusting geometry for rcu_fanout_leaf=16, nr_cpu_ids=2
[    0.004000] NR_IRQS: 524544, nr_irqs: 440, preallocated irqs: 16
[    0.004000] random: crng init done
[    0.004000] Console: colour VGA+ 80x25
[    0.004000] console [tty1] enabled
[    0.004000] console [ttyS0] enabled
[    0.004000] ACPI: Core revision 20170831
[    0.004000] ACPI: 2 ACPI AML tables successfully acquired and loaded
[    0.004000] APIC: Switch to symmetric I/O mode setup
[    0.005539] x2apic enabled
[    0.008020] Switched APIC routing to physical x2apic.
[    0.016000] ..TIMER: vector=0x30 apic1=0 pin1=2 apic2=-1 pin2=-1
[    0.016013] tsc: Detected 1895.997 MHz processor
[    0.020039] Calibrating delay loop (skipped) preset value.. 3791.99 BogoMIPS (lpj=7583988)
[    0.024017] pid_max: default: 32768 minimum: 301
[    0.028143] Security Framework initialized
[    0.032011] Yama: becoming mindful.
[    0.036076] AppArmor: AppArmor initialized
[    0.040260] Dentry cache hash table entries: 65536 (order: 7, 524288 bytes)
[    0.044099] Inode-cache hash table entries: 32768 (order: 6, 262144 bytes)
[    0.048037] Mount-cache hash table entries: 1024 (order: 1, 8192 bytes)
[    0.052017] Mountpoint-cache hash table entries: 1024 (order: 1, 8192 bytes)
[    0.056836] Last level iTLB entries: 4KB 64, 2MB 8, 4MB 8
[    0.060008] Last level dTLB entries: 4KB 64, 2MB 0, 4MB 0, 1GB 4
[    0.064018] Spectre V1 : Mitigation: usercopy/swapgs barriers and __user pointer sanitization
[    0.068013] Spectre V2 : Mitigation: Retpolines
[    0.072005] Spectre V2 : Spectre v2 / SpectreRSB mitigation: Filling RSB on context switch
[    0.076008] Spectre V2 : Spectre v2 / SpectreRSB : Filling RSB on VMEXIT
[    0.080017] RETBleed: WARNING: Spectre v2 mitigation leaves CPU vulnerable to RETBleed attacks, data leaks possible!
[    0.084016] RETBleed: Vulnerable
[    0.088010] Speculative Store Bypass: Vulnerable
[    0.092368] MDS: Mitigation: Clear CPU buffers
[    0.096010] MMIO Stale Data: Mitigation: Clear CPU buffers
[    0.100020] SRBDS: Unknown: Dependent on hypervisor status
[    0.105009] Freeing SMP alternatives memory: 36K
[    0.222779] smpboot: CPU0: Intel(R) Core(TM) i5-8350U CPU @ 1.70GHz (family: 0x6, model: 0x8e, stepping: 0xa)
[    0.224191] Performance Events: unsupported p6 CPU model 142 no PMU driver, software events only.
[    0.228088] Hierarchical SRCU implementation.
[    0.233589] NMI watchdog: Perf event create on CPU 0 failed with -2
[    0.236007] NMI watchdog: Perf NMI watchdog permanently disabled
[    0.240140] smp: Bringing up secondary CPUs ...
[    0.244229] x86: Booting SMP configuration:
[    0.246600] .... node  #0, CPUs:      #1
[    0.004000] kvm-clock: cpu 1, msr 0:1ff44041, secondary cpu clock
[    0.255257] smp: Brought up 1 node, 2 CPUs
[    0.260017] smpboot: Max logical packages: 1
[    0.262971] smpboot: Total of 2 processors activated (7583.98 BogoMIPS)
[    0.268006] devtmpfs: initialized
[    0.270215] x86/mm: Memory block size: 128MB
[    0.272505] evm: security.selinux
[    0.276033] evm: security.SMACK64
[    0.279012] evm: security.SMACK64EXEC
[    0.280013] evm: security.SMACK64TRANSMUTE
[    0.284008] evm: security.SMACK64MMAP
[    0.287424] evm: security.apparmor
[    0.288011] evm: security.ima
[    0.292006] evm: security.capability
[    0.296030] clocksource: jiffies: mask: 0xffffffff max_cycles: 0xffffffff, max_idle_ns: 7645041785100000 ns
[    0.300052] futex hash table entries: 512 (order: 3, 32768 bytes)
[    0.304140] pinctrl core: initialized pinctrl subsystem
[    0.312252] RTC time:  7:49:04, date: 08/05/24
[    0.315668] NET: Registered protocol family 16
[    0.316285] audit: initializing netlink subsys (disabled)
[    0.320096] audit: type=2000 audit(1722844150.934:1): state=initialized audit_enabled=0 res=1
[    0.328029] cpuidle: using governor ladder
[    0.332025] cpuidle: using governor menu
[    0.336143] ACPI: bus type PCI registered
[    0.338596] acpiphp: ACPI Hot Plug PCI Controller Driver version: 0.5
[    0.340312] PCI: Using configuration type 1 for base access
[    0.350722] HugeTLB registered 2.00 MiB page size, pre-allocated 0 pages
[    0.352303] ACPI: Added _OSI(Module Device)
[    0.356018] ACPI: Added _OSI(Processor Device)
[    0.360023] ACPI: Added _OSI(3.0 _SCP Extensions)
[    0.363293] ACPI: Added _OSI(Processor Aggregator Device)
[    0.364012] ACPI: Added _OSI(Linux-Dell-Video)
[    0.368010] ACPI: Added _OSI(Linux-Lenovo-NV-HDMI-Audio)
[    0.372012] ACPI: Added _OSI(Linux-HPI-Hybrid-Graphics)
[    0.376918] ACPI: Executed 1 blocks of module-level executable AML code
[    0.396000] ACPI: Interpreter enabled
[    0.396046] ACPI: (supports S0 S5)
[    0.398139] ACPI: Using IOAPIC for interrupt routing
[    0.404052] PCI: Using host bridge windows from ACPI; if necessary, use "pci=nocrs" and report a bug
[    0.408543] ACPI: Enabled 2 GPEs in block 00 to 07
[    0.436385] ACPI: PCI Root Bridge [PCI0] (domain 0000 [bus 00-ff])
[    0.439932] acpi PNP0A03:00: _OSC: OS supports [ASPM ClockPM Segments MSI]
[    0.441847] acpi PNP0A03:00: _OSC: not requesting OS control; OS requires [ExtendedConfig ASPM ClockPM MSI]
[    0.444045] acpi PNP0A03:00: fail to add MMCONFIG information, can't access extended PCI configuration space under this bridge.
[    0.449560] PCI host bridge to bus 0000:00
[    0.452022] pci_bus 0000:00: root bus resource [io  0x0000-0x0cf7 window]
[    0.456031] pci_bus 0000:00: root bus resource [io  0x0d00-0xffff window]
[    0.460018] pci_bus 0000:00: root bus resource [mem 0x000a0000-0x000bffff window]
[    0.464016] pci_bus 0000:00: root bus resource [mem 0x20000000-0xfdffffff window]
[    0.468034] pci_bus 0000:00: root bus resource [bus 00-ff]
[    0.477853] pci 0000:00:01.1: legacy IDE quirk: reg 0x10: [io  0x01f0-0x01f7]
[    0.480010] pci 0000:00:01.1: legacy IDE quirk: reg 0x14: [io  0x03f6]
[    0.484015] pci 0000:00:01.1: legacy IDE quirk: reg 0x18: [io  0x0170-0x0177]
[    0.488013] pci 0000:00:01.1: legacy IDE quirk: reg 0x1c: [io  0x0376]
[    0.532641] pci 0000:00:07.0: quirk: [io  0x4000-0x403f] claimed by PIIX4 ACPI
[    0.536066] pci 0000:00:07.0: quirk: [io  0x4100-0x410f] claimed by PIIX4 SMB
[    0.568150] ACPI: PCI Interrupt Link [LNKA] (IRQs 5 9 10 *11)
[    0.573291] ACPI: PCI Interrupt Link [LNKB] (IRQs 5 9 *10 11)
[    0.576465] ACPI: PCI Interrupt Link [LNKC] (IRQs 5 *9 10 11)
[    0.580447] ACPI: PCI Interrupt Link [LNKD] (IRQs 5 9 10 *11)
[    0.585482] SCSI subsystem initialized
[    0.588165] pci 0000:00:02.0: vgaarb: setting as boot VGA device
[    0.592000] pci 0000:00:02.0: vgaarb: VGA device added: decodes=io+mem,owns=io+mem,locks=none
[    0.592025] pci 0000:00:02.0: vgaarb: bridge control possible
[    0.596013] vgaarb: loaded
[    0.600108] ACPI: bus type USB registered
[    0.602993] usbcore: registered new interface driver usbfs
[    0.604047] usbcore: registered new interface driver hub
[    0.608035] usbcore: registered new device driver usb
[    0.612220] EDAC MC: Ver: 3.0.0
[    0.616161] PCI: Using ACPI for IRQ routing
[    0.620502] NetLabel: Initializing
[    0.622906] NetLabel:  domain hash size = 128
[    0.624014] NetLabel:  protocols = UNLABELED CIPSOv4 CALIPSO
[    0.628071] NetLabel:  unlabeled traffic allowed by default
[    0.632388] clocksource: Switched to clocksource kvm-clock
[    0.676952] VFS: Disk quotas dquot_6.6.0
[    0.683729] VFS: Dquot-cache hash table entries: 512 (order 0, 4096 bytes)
[    0.688810] AppArmor: AppArmor Filesystem Enabled
[    0.692406] pnp: PnP ACPI init
[    0.698315] pnp: PnP ACPI: found 3 devices
[    0.721570] clocksource: acpi_pm: mask: 0xffffff max_cycles: 0xffffff, max_idle_ns: 2085701024 ns
[    0.727095] NET: Registered protocol family 2
[    0.730815] IP idents hash table entries: 8192 (order: 4, 65536 bytes)
[    0.736235] TCP established hash table entries: 4096 (order: 3, 32768 bytes)
[    0.741196] TCP bind hash table entries: 4096 (order: 4, 65536 bytes)
[    0.745773] TCP: Hash tables configured (established 4096 bind 4096)
[    0.750257] UDP hash table entries: 256 (order: 1, 8192 bytes)
[    0.754405] UDP-Lite hash table entries: 256 (order: 1, 8192 bytes)
[    0.758844] NET: Registered protocol family 1
[    0.762347] pci 0000:00:00.0: Limiting direct PCI/PCI transfers
[    0.768480] pci 0000:00:01.0: Activating ISA DMA hang workarounds
[    0.772891] pci 0000:00:02.0: Video device with shadowed ROM at [mem 0x000c0000-0x000dffff]
[    0.778458] Unpacking initramfs...
[    1.651352] Freeing initrd memory: 19528K
[    1.654936] clocksource: tsc: mask: 0xffffffffffffffff max_cycles: 0x36a8cd570f7, max_idle_ns: 881590638222 ns
[    1.663547] platform rtc_cmos: registered platform RTC device (no PNP device found)
[    1.669913] Scanning for low memory corruption every 60 seconds
[    1.676391] Initialise system trusted keyrings
[    1.679800] Key type blacklist registered
[    1.683700] workingset: timestamp_bits=36 max_order=17 bucket_order=0
[    1.692668] zbud: loaded
[    1.696657] squashfs: version 4.0 (2009/01/31) Phillip Lougher
[    1.701742] fuse init (API version 7.26)
[    1.711785] Key type asymmetric registered
[    1.715064] Asymmetric key parser 'x509' registered
[    1.718933] Block layer SCSI generic (bsg) driver version 0.4 loaded (major 246)
[    1.725207] io scheduler noop registered
[    1.728264] io scheduler deadline registered
[    1.732171] io scheduler cfq registered (default)
[    1.736851] ACPI: AC Adapter [AC] (off-line)
[    1.739736] input: Power Button as /devices/LNXSYSTM:00/LNXPWRBN:00/input/input0
[    1.746538] ACPI: Power Button [PWRF]
[    1.749738] input: Sleep Button as /devices/LNXSYSTM:00/LNXSLPBN:00/input/input1
[    1.755728] ACPI: Sleep Button [SLPF]
[    1.762166] ACPI: Battery Slot [BAT0] (battery present)
[    1.764168] Serial: 8250/16550 driver, 32 ports, IRQ sharing enabled
[    1.792275] 00:02: ttyS0 at I/O 0x3f8 (irq = 4, base_baud = 115200) is a 16550A
[    1.801395] Linux agpgart interface v0.103
[    1.807206] loop: module loaded
[    1.810887] scsi host0: ata_piix
[    1.813433] scsi host1: ata_piix
[    1.816296] ata1: PATA max UDMA/33 cmd 0x1f0 ctl 0x3f6 bmdma 0xd000 irq 14
[    1.821033] ata2: PATA max UDMA/33 cmd 0x170 ctl 0x376 bmdma 0xd008 irq 15
[    1.825474] tun: Universal TUN/TAP device driver, 1.6
[    1.828559] PPP generic driver version 2.4.2
[    1.831511] ehci_hcd: USB 2.0 'Enhanced' Host Controller (EHCI) Driver
[    1.835809] ehci-pci: EHCI PCI platform driver
[    1.838807] ehci-platform: EHCI generic platform driver
[    1.842282] ohci_hcd: USB 1.1 'Open' Host Controller (OHCI) Driver
[    1.847327] ohci-pci: OHCI PCI platform driver
[    1.851478] ohci-platform: OHCI generic platform driver
[    1.857022] uhci_hcd: USB Universal Host Controller Interface driver
[    1.861734] i8042: PNP: PS/2 Controller [PNP0303:PS2K,PNP0f03:PS2M] at 0x60,0x64 irq 1,12
[    1.869163] serio: i8042 KBD port at 0x60,0x64 irq 1
[    1.873235] serio: i8042 AUX port at 0x60,0x64 irq 12
[    1.877168] mousedev: PS/2 mouse device common for all mice
[    1.881834] input: AT Translated Set 2 keyboard as /devices/platform/i8042/serio0/input/input2
[    1.882340] rtc_cmos rtc_cmos: rtc core: registered rtc_cmos as rtc0
[    1.894822] rtc_cmos rtc_cmos: alarms up to one day, 114 bytes nvram
[    1.899190] i2c /dev entries driver
[    1.902003] device-mapper: uevent: version 1.0.3
[    1.905424] device-mapper: ioctl: 4.37.0-ioctl (2017-09-20) initialised: dm-devel@redhat.com
[    1.911242] ledtrig-cpu: registered to indicate activity on CPUs
[    1.917272] NET: Registered protocol family 10
[    1.932856] Segment Routing with IPv6
[    1.935922] NET: Registered protocol family 17
[    1.939243] Key type dns_resolver registered
[    1.942754] mce: Using 0 MCE banks
[    1.945063] RAS: Correctable Errors collector initialized.
[    1.948364] sched_clock: Marking stable (1948243965, 0)->(2743665981, -795422016)
[    1.956292] registered taskstats version 1
[    1.958734] Loading compiled-in X.509 certificates
[    1.968551] Loaded X.509 cert 'Build time autogenerated kernel key: b5b26778eaa3ab3a4a6cee031137706e947d12ad'
[    1.977213] Loaded X.509 cert 'Canonical Ltd. Live Patch Signing: 14df34d1a87cf37625abec039ef2bf521249b969'
[    2.013817] Loaded X.509 cert 'Canonical Ltd. Kernel Module Signing: 88f752e560a1e0737e31163a466ad7b70a850c19'
[    2.019292] blacklist: Loading compiled-in revocation X.509 certificates
[    2.023121] Loaded X.509 cert 'Canonical Ltd. Secure Boot Signing: 61482aa2830d0ab2ad5af10b7250da9033ddcef0'
[    2.028267] Loaded X.509 cert 'Canonical Ltd. Secure Boot Signing (2017): 242ade75ac4a15e50d50c84b0d45ff3eae707a03'
[    2.034521] Loaded X.509 cert 'Canonical Ltd. Secure Boot Signing (ESM 2018): 365188c1d374d6b07c3c8f240f8ef722433d6a8b'
[    2.040582] Loaded X.509 cert 'Canonical Ltd. Secure Boot Signing (2019): c0746fd6c5da3ae827864651ad66ae47fe24b3e8'
[    2.049150] Loaded X.509 cert 'Canonical Ltd. Secure Boot Signing (2021 v1): a8d54bbb3825cfb94fa13c9f8a594a195c107b8d'
[    2.057785] Loaded X.509 cert 'Canonical Ltd. Secure Boot Signing (2021 v2): 4cf046892d6fd3c9a5b03f98d845f90851dc6a8c'
[    2.067044] Loaded X.509 cert 'Canonical Ltd. Secure Boot Signing (2021 v3): 100437bb6de6e469b581e61cd66bce3ef4ed53af'
[    2.075551] Loaded X.509 cert 'Canonical Ltd. Secure Boot Signing (Ubuntu Core 2019): c1d57b8f6b743f23ee41f4f7ee292f06eecadfb9'
[    2.083669] zswap: loaded using pool lzo/zbud
[    2.098244] Key type big_key registered
[    2.100749] Key type trusted registered
[    2.108552] Key type encrypted registered
[    2.111095] AppArmor: AppArmor sha1 policy hashing enabled
[    2.114311] ima: No TPM chip found, activating TPM-bypass! (rc=-19)
[    2.117807] ima: Allocated hash algorithm: sha1
[    2.120478] evm: HMAC attrs: 0x1
[    2.123178]   Magic number: 4:914:823
[    2.126073] rtc_cmos rtc_cmos: setting system clock to 2024-08-05 07:49:06 UTC (1722844146)
[    2.131528] BIOS EDD facility v0.16 2004-Jun-25, 0 devices found
[    2.136153] EDD information not available.
[    2.147866] Freeing unused kernel image memory: 2480K
[    2.168277] Write protecting the kernel read-only data: 20480k
[    2.173690] Freeing unused kernel image memory: 2008K
[    2.177876] Freeing unused kernel image memory: 1820K
[    2.213380] x86/mm: Checked W+X mappings: passed, no W+X pages found.
[    2.217248] x86/mm: Checking user space page tables
[    2.253305] x86/mm: Checked W+X mappings: passed, no W+X pages found.
Loading, please wait...
starting version 237
[    2.560354] e1000: Intel(R) PRO/1000 Network Driver - version 7.3.21-k8-NAPI
[    2.566045] e1000: Copyright (c) 1999-2006 Intel Corporation.
[    2.572770] Fusion MPT base driver 3.04.20
[    2.576447] Copyright (c) 1999-2008 LSI Corporation
[    2.593801] Fusion MPT SPI Host driver 3.04.20
[    2.665464] AVX2 version of gcm_enc/dec engaged.
[    2.673519] AES CTR mode by8 optimization enabled
[    2.843778] input: ImExPS/2 Generic Explorer Mouse as /devices/platform/i8042/serio1/input/input4
[    3.809404] e1000 0000:00:03.0 eth0: (PCI:33MHz:32-bit) 02:3b:7b:b7:3b:2d
[    3.814736] e1000 0000:00:03.0 eth0: Intel(R) PRO/1000 Network Connection
[    3.823667] mptbase: ioc0: Initiating bringup
[    4.760434] ioc0: LSI53C1030 A0: Capabilities={Initiator}
[    7.815041] scsi host2: ioc0: LSI53C1030 A0, FwRev=00000000h, Ports=1, MaxQ=256, IRQ=20
[    9.489142] scsi 2:0:0:0: Direct-Access     VBOX     HARDDISK         1.0  PQ: 0 ANSI: 5
[    9.536246] scsi target2:0:0: Beginning Domain Validation
[    9.547285] scsi target2:0:0: Domain Validation skipping write tests
[    9.555336] scsi target2:0:0: Ending Domain Validation
[    9.561511] scsi target2:0:0: asynchronous
[    9.567434] scsi 2:0:1:0: Direct-Access     VBOX     HARDDISK         1.0  PQ: 0 ANSI: 5
[    9.928237] scsi target2:0:1: Beginning Domain Validation
[    9.936988] scsi target2:0:1: Domain Validation skipping write tests
[    9.942525] scsi target2:0:1: Ending Domain Validation
[    9.947310] scsi target2:0:1: asynchronous
[    9.965361] sd 2:0:0:0: Attached scsi generic sg0 type 0
[    9.969943] sd 2:0:0:0: [sda] 83886080 512-byte logical blocks: (42.9 GB/40.0 GiB)
[    9.977192] sd 2:0:0:0: [sda] Write Protect is off
[    9.981162] sd 2:0:1:0: Attached scsi generic sg1 type 0
[    9.985835] sd 2:0:0:0: [sda] Incomplete mode parameter data
[    9.990282] sd 2:0:0:0: [sda] Assuming drive cache: write through
[    9.996148] sd 2:0:1:0: [sdb] 20480 512-byte logical blocks: (10.5 MB/10.0 MiB)
[   10.002713] sd 2:0:1:0: [sdb] Write Protect is off
[   10.007559] sd 2:0:1:0: [sdb] Incomplete mode parameter data
[   10.013474] sd 2:0:1:0: [sdb] Assuming drive cache: write through
[   10.031254]  sda: sda1
[   10.037230] sd 2:0:0:0: [sda] Attached SCSI disk
[   10.043019] sd 2:0:1:0: [sdb] Attached SCSI disk
[   10.189749] e1000 0000:00:08.0 eth1: (PCI:33MHz:32-bit) 08:00:27:d4:59:c6
[   10.195470] e1000 0000:00:08.0 eth1: Intel(R) PRO/1000 Network Connection
[   10.205393] e1000 0000:00:08.0 enp0s8: renamed from eth1
[   10.230946] e1000 0000:00:03.0 enp0s3: renamed from eth0
Begin: Loading essential drivers ... [   13.300185] raid6: sse2x1   gen()  2726 MB/s
[   13.352211] raid6: sse2x1   xor()  2033 MB/s
[   13.404162] raid6: sse2x2   gen()  2726 MB/s
[   13.452182] raid6: sse2x2   xor()  2645 MB/s
[   13.500137] raid6: sse2x4   gen()  4201 MB/s
[   13.548223] raid6: sse2x4   xor()  2430 MB/s
[   13.596198] raid6: avx2x1   gen()  5840 MB/s
[   13.644196] raid6: avx2x1   xor()  4177 MB/s
[   13.692248] raid6: avx2x2   gen()  5058 MB/s
[   13.748156] raid6: avx2x2   xor()  2973 MB/s
[   13.800162] raid6: avx2x4   gen()  4588 MB/s
[   13.852324] raid6: avx2x4   xor()  3195 MB/s
[   13.857708] raid6: using algorithm avx2x1 gen() 5840 MB/s
[   13.862867] raid6: .... xor() 4177 MB/s, rmw enabled
[   13.867843] raid6: using avx2x2 recovery algorithm
[   13.877950] xor: automatically using best checksumming function   avx       
[   13.890957] async_tx: api initialized (async)
done.
Begin: Running /scripts/init-premount ... done.
Begin: Mounting root file system ... Begin: Running /scripts/local-top ... done.
Begin: Running /scripts/local-premount ... [   14.070345] Btrfs loaded, crc32c=crc32c-intel
Scanning for Btrfs filesystems
done.
Warning: fsck not present, so skipping root file system
[   14.168685] EXT4-fs (sda1): mounted filesystem with ordered data mode. Opts: (null)
done.
Begin: Running /scripts/local-bottom ... done.
Begin: Running /scripts/init-bottom ... done.
[   14.558510] ip_tables: (C) 2000-2006 Netfilter Core Team
[   14.582814] systemd[1]: systemd 237 running in system mode. (+PAM +AUDIT +SELINUX +IMA +APPARMOR +SMACK +SYSVINIT +UTMP +LIBCRYPTSETUP +GCRYPT +GNUTLS +ACL +XZ +LZ4 +SECCOMP +BLKID +ELFUTILS +KMOD -IDN2 +IDN -PCRE2 default-hierarchy=hybrid)
[   14.599887] systemd[1]: Detected virtualization oracle.
[   14.604343] systemd[1]: Detected architecture x86-64.

Welcome to [1mUbuntu 18.04.6 LTS[0m!

[   14.623110] systemd[1]: Set hostname to <ubuntu>.
[   14.631444] systemd[1]: Initializing machine ID from random generator.
[   14.636863] systemd[1]: Installed transient /etc/machine-id file.
[   15.275666] systemd[1]: Reached target Swap.
[[0;32m  OK  [0m] Reached target Swap.
[   15.281963] systemd[1]: Reached target System Time Synchronized.
[[0;32m  OK  [0m] Reached target System Time Synchronized.
[   15.296636] systemd[1]: Created slice System Slice.
[[0;32m  OK  [0m] Created slice System Slice.
[   15.306793] systemd[1]: Listening on Network Service Netlink Socket.
[[0;32m  OK  [0m] Listening on Network Service Netlink Socket.
[[0;32m  OK  [0m] Listening on LVM2 metadata daemon socket.
[[0;32m  OK  [0m] Listening on Journal Audit Socket.
[[0;32m  OK  [0m] Listening on fsck to fsckd communication Socket.
[[0;32m  OK  [0m] Listening on udev Control Socket.
[[0;32m  OK  [0m] Listening on udev Kernel Socket.
[[0;32m  OK  [0m] Created slice system-serial\x2dgetty.slice.
[[0;32m  OK  [0m] Listening on Device-mapper event daemon FIFOs.
[[0;32m  OK  [0m] Set up automount Arbitrary Executabâ€¦rmats File System Automount Point.
[[0;32m  OK  [0m] Listening on Syslog Socket.
[[0;32m  OK  [0m] Started Forward Password Requests to Wall Directory Watch.
[[0;32m  OK  [0m] Created slice User and Session Slice.
[[0;32m  OK  [0m] Reached target Slices.
[[0;32m  OK  [0m] Listening on Journal Socket.
         Mounting Kernel Debug File System...
         Starting Monitoring of LVM2 mirrorsâ€¦ng dmeventd or progress polling...
         Starting Create list of required stâ€¦ce nodes for the current kernel...
         Mounting Huge Pages File System...
         Starting Load Kernel Modules...
         Starting Set the console keyboard layout...
         Starting File System Check on Root Device...
[[0;32m  OK  [0m] Listening on /dev/initctl Compatibility Named Pipe.
[[0;32m  OK  [0m] Reached target Mounting snaps.
[[0;32m  OK  [0m] Reached target Mounted snaps.
         Mounting POSIX Message Queue File System...
         Starting udev Coldplug all Devices...
[[0;32m  OK  [0m] Listening on Journal Socket (/dev/log).
         Starting Journal Service...
[[0;32m  OK  [0m] Listening on LVM2 poll daemon socket.
[[0;32m  OK  [0m] Reached target User and Group Name Lookups.
         Starting Uncomplicated firewall...
[[0;32m  OK  [0m] Mounted Kernel Debug File System.
[[0;32m  OK  [0m] Started Create list of required staâ€¦vice nodes for the current kernel.
[[0;32m  OK  [0m] Mounted Huge Pages File System.
[[0;32m  OK  [0m] Mounted POSIX Message Queue File System.
[[0;32m  OK  [0m] Started File System Check Daemon to report status.
[[0;32m  OK  [0m] Started LVM2 metadata daemon.
         Starting Create Static Device Nodes in /dev...
[   15.575050] Loading iSCSI transport class v2.0-870.
[[0;32m  OK  [0m] Started Uncomplicated firewall.
[   15.686708] iscsi: registered transport (tcp)
[[0;32m  OK  [0m] Started File System Check on Root Device.
         Starting Remount Root and Kernel File Systems...
[[0;32m  OK  [0m] Started Journal Service.
[[0;32m  OK  [0m] Started udev Coldplug all Devices.
[[0;32m  OK  [0m] Started Create Static Device Nodes in /dev.
[   15.844730] iscsi: registered transport (iser)
[   15.849194] EXT4-fs (sda1): re-mounted. Opts: (null)
[[0;32m  OK  [0m] Started Load Kernel Modules.
[[0;32m  OK  [0m] Started Remount Root and Kernel File Systems.
         Starting udev Kernel Device Manager...
         Starting Load/Save Random Seed...
         Starting Flush Journal to Persistent Storage...
         Mounting FUSE Control File System...
         Starting Apply Kernel Variables...
         Mounting Kernel Configuration File System...
[[0;32m  OK  [0m] Started Monitoring of LVM2 mirrors,â€¦sing dmeventd or progress polling.
[[0;32m  OK  [0m] Mounted FUSE Control File System.
[[0;32m  OK  [0m] Mounted Kernel Configuration File System.
[   15.971303] systemd-journald[406]: Received request to flush runtime journal from PID 1
[[0;32m  OK  [0m] Started udev Kernel Device Manager.
[[0;32m  OK  [0m] Started Load/Save Random Seed.
[[0;32m  OK  [0m] Started Apply Kernel Variables.
[[0;32m  OK  [0m] Started Flush Journal to Persistent Storage.
[[0;32m  OK  [0m] Found device /dev/ttyS0.
[[0;32m  OK  [0m] Listening on Load/Save RF Kill Switch Status /dev/rfkill Watch.
         Mounting Arbitrary Executable File Formats File System...
[[0;32m  OK  [0m] Mounted Arbitrary Executable File Formats File System.
[[0;32m  OK  [0m] Started Set the console keyboard layout.
[[0;32m  OK  [0m] Reached target Local File Systems (Pre).
[[0;32m  OK  [0m] Reached target Local File Systems.
         Starting Create Volatile Files and Directories...
         Starting AppArmor initialization...
         Starting Tell Plymouth To Write Out Runtime Data...
         Starting Set console font and keymap...
         Starting Commit a transient machine-id on disk...
         Starting ebtables ruleset management...
[[0;32m  OK  [0m] Started Dispatch Password Requests to Console Directory Watch.
[[0;32m  OK  [0m] Reached target Local Encrypted Volumes.
[[0;32m  OK  [0m] Started Tell Plymouth To Write Out Runtime Data.
[[0;32m  OK  [0m] Started Create Volatile Files and Directories.
         Starting Update UTMP about System Boot/Shutdown...
[[0;32m  OK  [0m] Started Commit a transient machine-id on disk.
[[0;32m  OK  [0m] Started Update UTMP about System Boot/Shutdown.
[[0;32m  OK  [0m] Started ebtables ruleset management.
[[0;32m  OK  [0m] Started Set console font and keymap.
[[0;32m  OK  [0m] Started AppArmor initialization.
         Starting Load AppArmor profiles managed internally by snapd...
         Starting Initial cloud-init job (pre-networking)...
[[0;32m  OK  [0m] Started Load AppArmor profiles managed internally by snapd.
[   31.550016] cloud-init[806]: Cloud-init v. 23.1.2-0ubuntu0~18.04.1 running 'init-local' at Mon, 05 Aug 2024 07:49:34 +0000. Up 30.19 seconds.
[[0;32m  OK  [0m] Started Initial cloud-init job (pre-networking).
[[0;32m  OK  [0m] Reached target Network (Pre).
         Starting Network Service...
[[0;32m  OK  [0m] Started Network Service.
         Starting Network Name Resolution...
         Starting Wait for Network to be Configured...
[[0;32m  OK  [0m] Started Network Name Resolution.
[[0;32m  OK  [0m] Reached target Network.
[[0;32m  OK  [0m] Reached target Host and Network Name Lookups.
[[0;32m  OK  [0m] Started Wait for Network to be Configured.
         Starting Initial cloud-init job (metadata service crawler)...
[   36.508015] cloud-init[905]: Cloud-init v. 23.1.2-0ubuntu0~18.04.1 running 'init' at Mon, 05 Aug 2024 07:49:39 +0000. Up 35.52 seconds.
[   36.528657] cloud-init[905]: ci-info: ++++++++++++++++++++++++++++++++++++++Net device info+++++++++++++++++++++++++++++++++++++++
[   36.534445] cloud-init[905]: ci-info: +--------+-------+----------------------------+---------------+--------+-------------------+
[   36.540890] cloud-init[905]: ci-info: | Device |   Up  |          Address           |      Mask     | Scope  |     Hw-Address    |
[   36.562845] cloud-init[905]: ci-info: +--------+-------+----------------------------+---------------+--------+-------------------+
[   36.570465] cloud-init[905]: ci-info: | enp0s3 |  True |         10.0.2.15          | 255.255.255.0 | global | 02:3b:7b:b7:3b:2d |
[   36.579667] cloud-init[905]: ci-info: | enp0s3 |  True | fe80::3b:7bff:feb7:3b2d/64 |       .       |  link  | 02:3b:7b:b7:3b:2d |
[   36.585834] cloud-init[905]: ci-info: | enp0s8 | False |             .              |       .       |   .    | 08:00:27:d4:59:c6 |
[   36.591674] cloud-init[905]: ci-info: |   lo   |  True |         127.0.0.1          |   255.0.0.0   |  host  |         .         |
[   36.612231] cloud-init[905]: ci-info: |   lo   |  True |          ::1/128           |       .       |  host  |         .         |
[   36.618518] cloud-init[905]: ci-info: +--------+-------+----------------------------+---------------+--------+-------------------+
[   36.624796] cloud-init[905]: ci-info: ++++++++++++++++++++++++++++Route IPv4 info+++++++++++++++++++++++++++++
[   36.644751] cloud-init[905]: ci-info: +-------+-------------+----------+-----------------+-----------+-------+
[   36.664683] cloud-init[905]: ci-info: | Route | Destination | Gateway  |     Genmask     | Interface | Flags |
[   36.670904] cloud-init[905]: ci-info: +-------+-------------+----------+-----------------+-----------+-------+
[   36.677023] cloud-init[905]: ci-info: |   0   |   0.0.0.0   | 10.0.2.2 |     0.0.0.0     |   enp0s3  |   UG  |
[   36.698768] cloud-init[905]: ci-info: |   1   |   10.0.2.0  | 0.0.0.0  |  255.255.255.0  |   enp0s3  |   U   |
[   36.737086] cloud-init[905]: ci-info: |   2   |   10.0.2.2  | 0.0.0.0  | 255.255.255.255 |   enp0s3  |   UH  |
[   36.752683] cloud-init[905]: ci-info: +-------+-------------+----------+-----------------+-----------+-------+
[   36.758286] cloud-init[905]: ci-info: +++++++++++++++++++Route IPv6 info+++++++++++++++++++
[   36.763094] cloud-init[905]: ci-info: +-------+-------------+---------+-----------+-------+
[   36.776745] cloud-init[905]: ci-info: | Route | Destination | Gateway | Interface | Flags |
[   36.782252] cloud-init[905]: ci-info: +-------+-------------+---------+-----------+-------+
[   36.787877] cloud-init[905]: ci-info: |   1   |  fe80::/64  |    ::   |   enp0s3  |   U   |
[   36.792399] cloud-init[905]: ci-info: |   3   |    local    |    ::   |   enp0s3  |   U   |
[   36.798077] cloud-init[905]: ci-info: |   4   |   ff00::/8  |    ::   |   enp0s3  |   U   |
[   36.802944] cloud-init[905]: ci-info: +-------+-------------+---------+-----------+-------+
[   39.706134] cloud-init[905]: Generating public/private rsa key pair.
[   39.710903] cloud-init[905]: Your identification has been saved in /etc/ssh/ssh_host_rsa_key.
[   39.717583] cloud-init[905]: Your public key has been saved in /etc/ssh/ssh_host_rsa_key.pub.
[   39.722890] cloud-init[905]: The key fingerprint is:
[   39.726648] cloud-init[905]: SHA256:Jjk3zaR9RlPHjKqVTs6nCJOylaJMep5akpoA8oUvRLg root@ubuntu-bionic
[   39.731940] cloud-init[905]: The key's randomart image is:
[   39.736635] cloud-init[905]: +---[RSA 2048]----+
[   39.740378] cloud-init[905]: |              .+.|
[   39.745334] cloud-init[905]: | .           ...o|
[   39.750088] cloud-init[905]: |. .       . oo   |
[   39.754105] cloud-init[905]: | o .   . * .=.   |
[   39.758471] cloud-init[905]: |E o . + So+Bo    |
[   39.768523] cloud-init[905]: |oo +. o=*..o+ .  |
[   39.772987] cloud-init[905]: |. =+o. = o . o   |
[   39.776170] cloud-init[905]: |.o.++..   . .    |
[   39.779710] cloud-init[905]: |o .+o            |
[   39.792793] cloud-init[905]: +----[SHA256]-----+
[   39.798161] cloud-init[905]: Generating public/private dsa key pair.
[   39.802129] cloud-init[905]: Your identification has been saved in /etc/ssh/ssh_host_dsa_key.
[   39.809398] cloud-init[905]: Your public key has been saved in /etc/ssh/ssh_host_dsa_key.pub.
[   39.814582] cloud-init[905]: The key fingerprint is:
[   39.819084] cloud-init[905]: SHA256:1bakNvvAtr21QE/jWg9XSRjv3OPI230FVj4/rrWTi4A root@ubuntu-bionic
[   39.823418] cloud-init[905]: The key's randomart image is:
[   39.826841] cloud-init[905]: +---[DSA 1024]----+
[   39.829346] cloud-init[905]: |             .   |
[   39.832112] cloud-init[905]: |           .  + .|
[   39.835429] cloud-init[905]: |          . +. = |
[   39.839254] cloud-init[905]: |         . + .*.+|
[   39.842490] cloud-init[905]: |        S + o.o*=|
[   39.845436] cloud-init[905]: |         o.+.+oo=|
[   39.848897] cloud-init[905]: |         E=..oBo=|
[   39.851206] cloud-init[905]: |         . =.==O+|
[   39.854685] cloud-init[905]: |          . ==o+*|
[   39.858841] cloud-init[905]: +----[SHA256]-----+
[   39.862765] cloud-init[905]: Generating public/private ecdsa key pair.
[   39.868328] cloud-init[905]: Your identification has been saved in /etc/ssh/ssh_host_ecdsa_key.
[   39.874840] cloud-init[905]: Your public key has been saved in /etc/ssh/ssh_host_ecdsa_key.pub.
[   39.880046] cloud-init[905]: The key fingerprint is:
[   39.884096] cloud-init[905]: SHA256:93yZo3ghja9By8ctKtWXhjPvyBWRHPMEMfLCFFmGNPQ root@ubuntu-bionic
[   39.891109] cloud-init[905]: The key's randomart image is:
[   39.896325] cloud-init[905]: +---[ECDSA 256]---+
[   39.900024] cloud-init[905]: |           oB=Oo.|
[   39.903353] cloud-init[905]: |           ooB B |
[   39.908174] cloud-init[905]: |            o E .|
[   39.912140] cloud-init[905]: |             . . |
[   39.917027] cloud-init[905]: |        S o+ ... |
[   39.920292] cloud-init[905]: |         ++=B.++ |
[   39.924382] cloud-init[905]: |         .+o*BB  |
[   39.928883] cloud-init[905]: |        .  *o*.. |
[   39.932804] cloud-init[905]: |         .+o+..  |
[   39.944694] cloud-init[905]: +----[SHA256]-----+
[   39.948566] cloud-init[905]: Generating public/private ed25519 key pair.
[[0;32m  OK  [0m] Started Initial cloud-init job (metadata service crawler).
[[0;32m  OK  [0m] Reached target Cloud-config availability.
[[0;32m  OK  [0m] Reached target Network is Online.
[   39.969900] cloud-init[905]: Your identification has been saved in /etc/ssh/ssh_host_ed25519_key.
[   40.007826] cloud-init[905]: Your public key has been saved in /etc/ssh/ssh_host_ed25519_key.pub.
[   40.013977] cloud-init[905]: The key fingerprint is:
         Starting Availability of block devices...
[[0;32m  OK  [0m] Reached target Remote File Systems (Pre).
[[0;32m  OK  [0m] Reached target Remote File Systems.
[[0;32m  OK  [0m] Reached target System Initialization.
[[0;32m  OK  [0m] Listening on Open-iSCSI iscsid Socket.
[[0;32m  OK  [0m] Listening on cloud-init hotplug hook socket.
[[0;32m  OK  [0m] Listening on ACPID Listen Socket.
[   40.023354] cloud-init[905]: SHA256:CsuRiAVJFQ77baeb95DN/jH0qe5RNX71ZpBmysxkt48 root@ubuntu-bionic
         Starting LXD - unix socket.
[[0;32m  OK  [0m] Started Ubuntu Advantage Timer for running repeated jobs.
[[0;32m  OK  [0m] Started Message of the Day.
[[0;32m  OK  [0m] Started Daily Cleanup of Temporary Directories.
[   40.086336] cloud-init[905]: The key's randomart image is:         Starting Socket activation for snappy daemon.

[[0;32m  OK  [0m] Listening on UUID daemon activation socket.
[   40.136766] cloud-init[905]: +--[ED25519 256]--+
[   40.143585] cloud-init[905]: |o+.o.            |
[[0;32m  OK  [0m[   40.146569] cloud-init[905]: |..+            . |
[   40.147790] cloud-init[905]: | ...        o *o.|
[   40.149564] cloud-init[905]: | o....     * =oo+|
[   40.150860] cloud-init[905]: |. ..+o .S  .=...=|
[   40.151445] cloud-init[905]: |   ..+o.+ . o .=.|
] Started ACPI Events Check.
[   40.153014] cloud-init[905]: |    o..o o + oE .|
[   40.176794] cloud-init[905]: |      o.o   =    |
[[0;32m  OK  [0m[   40.181750] cloud-init[905]: |     o. .o+=     |
[   40.183500] cloud-init[905]: +----[SHA256]-----+
] Reached target Paths.
[[0;32m  OK  [0m] Listening on D-Bus System Message Bus Socket.
[[0;32m  OK  [0m] Started Discard unused blocks once a week.
[[0;32m  OK  [0m] Started Daily apt download activities.
[[0;32m  OK  [0m] Started Daily apt upgrade and clean activities.
[[0;32m  OK  [0m] Reached target Timers.
[[0;32m  OK  [0m] Started Availability of block devices.
[[0;32m  OK  [0m] Listening on LXD - unix socket.
[[0;32m  OK  [0m] Listening on Socket activation for snappy daemon.
[[0;32m  OK  [0m] Reached target Sockets.
[[0;32m  OK  [0m] Reached target Basic System.
         Starting Virtualbox guest utils...
         Starting System Logging Service...
         Starting Pollinate to seed the pseudo random number generator...
         Starting LSB: automatic crash report generation...
         Starting Permit User Sessions...
[[0;32m  OK  [0m] Reached target Login Prompts (Pre).
         Starting Dispatcher daemon for systemd-networkd...
[[0;32m  OK  [0m] Started Regular background program processing daemon.
[[0;32m  OK  [0m] Started FUSE filesystem for LXC.
         Starting Snap Daemon...
         Starting Login Service...
[[0;32m  OK  [0m] Started irqbalance daemon.
         Starting Accounts Service...
         Starting LXD - container startup/shutdown...
[[0;32m  OK  [0m] Started Deferred execution scheduler.
         Starting LSB: Record successful boot for GRUB...
[[0;32m  OK  [0m] Started D-Bus System Message Bus.
[[0;32m  OK  [0m] Started Login Service.
[[0;32m  OK  [0m] Started Unattended Upgrades Shutdown.
[[0;32m  OK  [0m] Started System Logging Service.
[[0;32m  OK  [0m] Started Permit User Sessions.
         Starting Terminate Plymouth Boot Screen...
         Starting Hold until boot process finishes up...
[[0;32m  OK  [0m] Started Hold until boot process finishes up.
[[0;32m  OK  [0m] Started Serial Getty on ttyS0.
         Starting Set console scheme...
[[0;32m  OK  [0m] Started Terminate Plymouth Boot Screen.
[[0;32m  OK  [0m] Started Set console scheme.
         Starting Authorization Manager...
[[0;32m  OK  [0m] Created slice system-getty.slice.
[[0;32m  OK  [0m] Started Getty on tty1.
[[0;32m  OK  [0m] Reached target Login Prompts.
[[0;32m  OK  [0m] Started LSB: automatic crash report generation.
[[0;32m  OK  [0m] Started LSB: Record successful boot for GRUB.
[[0;32m  OK  [0m] Started LXD - container startup/shutdown.
[[0;32m  OK  [0m] Started Authorization Manager.
[[0;32m  OK  [0m] Started Accounts Service.
[[0;32m  OK  [0m] Started Virtualbox guest utils.
[[0;32m  OK  [0m] Started Dispatcher daemon for systemd-networkd.
[[0;32m  OK  [0m] Started Snap Daemon.
         Starting Wait until snapd is fully seeded...
[[0;32m  OK  [0m] Started Pollinate to seed the pseudo random number generator.
         Starting OpenBSD Secure Shell server...
[[0;32m  OK  [0m] Started OpenBSD Secure Shell server.
[[0;32m  OK  [0m] Created slice User Slice of vagrant.
         Starting User Manager for UID 1000...
[[0;32m  OK  [0m] Started Session 1 of user vagrant.
[[0;32m  OK  [0m] Started User Manager for UID 1000.
         Starting Time & Date Service...
[[0;32m  OK  [0m] Started Time & Date Service.

Ubuntu 18.04.6 LTS ubuntu-bionic ttyS0

ubuntu-bionic login: [   57.274619] cloud-init[1463]: Cloud-init v. 23.1.2-0ubuntu0~18.04.1 running 'modules:config' at Mon, 05 Aug 2024 07:49:59 +0000. Up 55.38 seconds.
ci-info: no authorized SSH keys fingerprints found for user ubuntu.
<14>Aug  5 07:50:05 cloud-init: #############################################################
<14>Aug  5 07:50:05 cloud-init: -----BEGIN SSH HOST KEY FINGERPRINTS-----
<14>Aug  5 07:50:05 cloud-init: 1024 SHA256:1bakNvvAtr21QE/jWg9XSRjv3OPI230FVj4/rrWTi4A root@ubuntu-bionic (DSA)
<14>Aug  5 07:50:05 cloud-init: 256 SHA256:93yZo3ghja9By8ctKtWXhjPvyBWRHPMEMfLCFFmGNPQ root@ubuntu-bionic (ECDSA)
<14>Aug  5 07:50:05 cloud-init: 256 SHA256:CsuRiAVJFQ77baeb95DN/jH0qe5RNX71ZpBmysxkt48 root@ubuntu-bionic (ED25519)
<14>Aug  5 07:50:05 cloud-init: 2048 SHA256:Jjk3zaR9RlPHjKqVTs6nCJOylaJMep5akpoA8oUvRLg root@ubuntu-bionic (RSA)
<14>Aug  5 07:50:05 cloud-init: -----END SSH HOST KEY FINGERPRINTS-----
<14>Aug  5 07:50:05 cloud-init: #############################################################
-----BEGIN SSH HOST KEY KEYS-----
ecdsa-sha2-nistp256 AAAAE2VjZHNhLXNoYTItbmlzdHAyNTYAAAAIbmlzdHAyNTYAAABBBBE5ZTTlM1yEusNMPAC11LZfKsesW7Jt5hoIXuAI5uZh91LMK9WKVDp1Km4nsR8eCeQGmLxzcNIPJ5sKanWLU60= root@ubuntu-bionic
ssh-ed25519 AAAAC3NzaC1lZDI1NTE5AAAAILKNeS4ezzn6RPgIJ4c9kAlRva1FjWu7/v2vlRlm5bwq root@ubuntu-bionic
ssh-rsa AAAAB3NzaC1yc2EAAAADAQABAAABAQDsngR4vQwuh5lSTfFBYWkLIq8hoIBhF1LTo05aWYsGgLkhPpl1pvGfWeGiDAuZs80dhGBNKWgDVkphCumhccNEYb8PKQmgoGo3U5CKxVcWTEF0dR/M63LbspcrROLNihADqaFiciU6xjZvpLlge4TveFwVQpe+3Hl/NvSTgT5lEl1v1AP9sdez7bMQwYouoEAzrqR1QenAHy5AtwT6T7t/nfpA1oXFWzZVizX4XaHn+YiCdsaXXp/1bpQ51LB0ZAEADUKz/UVHZsXqTvtPisaeLr8MtqgWxyLO9mWJ1q6UBuAMt9NMAcO8rAdJIwTXu2YAqSAmEE8lmjz7fN73Ibzp root@ubuntu-bionic
-----END SSH HOST KEY KEYS-----
[   61.528513] cloud-init[1663]: Cloud-init v. 23.1.2-0ubuntu0~18.04.1 running 'modules:final' at Mon, 05 Aug 2024 07:50:04 +0000. Up 60.40 seconds.
[   61.529212] cloud-init[1663]: Cloud-init v. 23.1.2-0ubuntu0~18.04.1 finished at Mon, 05 Aug 2024 07:50:05 +0000. Datasource DataSourceNoCloud [seed=/dev/sdb][dsmode=net].  Up 61.48 seconds
